{"level":"info","message":"lấy thông tin danh sách thành công","tag":"SYSTEM"}
{"level":"info","message":"user_id : [object Object]","tag":"SYSTEM"}
{"level":"info","message":"user_id : [object Object]","tag":"SYSTEM"}
{"level":"info","message":"user_id : :1","tag":"SYSTEM"}
{"level":"info","message":"user_id : 1","tag":"SYSTEM"}
{"level":"info","message":"user_id : 1","tag":"SYSTEM"}
{"level":"info","message":"user_id : 1","tag":"SYSTEM"}
{"level":"info","message":"lấy thông tin danh sách thành công","tag":"SYSTEM"}
{"level":"info","message":"user_id : 1","tag":"SYSTEM"}
{"level":"info","message":"user_id : 1","tag":"SYSTEM"}
{"level":"info","message":"user_id : 1","tag":"SYSTEM"}
{"level":"info","message":"user_id : 1","tag":"SYSTEM"}
{"level":"info","message":"user_id : 1","tag":"SYSTEM"}
{"level":"info","message":"lấy thông tin danh sách thành công","tag":"SYSTEM"}
{"level":"info","message":"user_id : 1","tag":"SYSTEM"}
{"level":"info","message":"user_id : 1","tag":"SYSTEM"}
{"level":"info","message":"user_id : 1","tag":"SYSTEM"}
{"level":"info","message":"user_id : 1","tag":"SYSTEM"}
{"level":"info","message":"user_id : 1","tag":"SYSTEM"}
{"level":"info","message":"user_id : 1","tag":"SYSTEM"}
{"level":"info","message":"user_id : 1","tag":"SYSTEM"}
{"level":"info","message":"user_id : 1","tag":"SYSTEM"}
{"level":"info","message":"lấy danh sách like thành công","tag":"SYSTEM"}
{"level":"info","message":"user_id : 1","tag":"SYSTEM"}
{"level":"info","message":"lấy danh sách like thành công","tag":"SYSTEM"}
{"level":"info","message":"user_id : 1","tag":"SYSTEM"}
{"level":"info","message":"lấy danh sách like thành công","tag":"SYSTEM"}
{"level":"info","message":"user_id : 1","tag":"SYSTEM"}
{"level":"info","message":"user_id : 1","tag":"SYSTEM"}
{"level":"info","message":"user_id : 1","tag":"SYSTEM"}
{"level":"info","message":"user_id : 1","tag":"SYSTEM"}
{"level":"info","message":"user_id : 1","tag":"SYSTEM"}
{"level":"info","message":"lấy danh sách like thành công","tag":"SYSTEM"}
{"level":"info","message":"user_id : 1","tag":"SYSTEM"}
{"level":"info","message":"user_id : 1","tag":"SYSTEM"}
{"level":"info","message":"lấy danh sách like thành công","tag":"SYSTEM"}
{"level":"info","message":"user_id : 1","tag":"SYSTEM"}
{"level":"info","message":"user_id : 1","tag":"SYSTEM"}
{"level":"info","message":"user_id : 1","tag":"SYSTEM"}
{"level":"info","message":"user_id : 1","tag":"SYSTEM"}
{"level":"info","message":"user_id : 1","tag":"SYSTEM"}
{"level":"info","message":"lấy danh sách like thành công","tag":"SYSTEM"}
{"level":"info","message":"user_id : 1","tag":"SYSTEM"}
{"level":"info","message":"user_id : 1","tag":"SYSTEM"}
{"level":"info","message":"lấy danh sách like thành công","tag":"SYSTEM"}
{"level":"info","message":"user_id : 1","tag":"SYSTEM"}
{"level":"info","message":"lấy danh sách like thành công","tag":"SYSTEM"}
{"level":"info","message":"user_id : 1","tag":"SYSTEM"}
{"level":"info","message":"lấy danh sách like thành công","tag":"SYSTEM"}
{"level":"info","message":"user_id : 1","tag":"SYSTEM"}
{"level":"info","message":"lấy danh sách like thành công","tag":"SYSTEM"}
{"level":"info","message":"user_id : 1","tag":"SYSTEM"}
{"level":"info","message":"lấy danh sách like thành công","tag":"SYSTEM"}
{"level":"info","message":"res_id : 1","tag":"SYSTEM"}
{"level":"info","message":"lấy danh sách like thành công","tag":"SYSTEM"}
{"level":"info","message":"res_id : 1","tag":"SYSTEM"}
{"level":"info","message":"lấy danh sách like thành công","tag":"SYSTEM"}
{"level":"info","message":"res_id : 1","tag":"SYSTEM"}
{"level":"info","message":"lấy danh sách like thành công","tag":"SYSTEM"}
{"level":"info","message":"res_id : 1","tag":"SYSTEM"}
{"level":"info","message":"lấy danh sách like thành công","tag":"SYSTEM"}
{"level":"info","message":"orderData : [object Object]","tag":"SYSTEM"}
{"level":"info","message":"order thành công","tag":"SYSTEM"}
{"level":"info","message":"orderData : [object Object]","tag":"SYSTEM"}
{"level":"info","message":"order thành công","tag":"SYSTEM"}
{"level":"info","message":"orderData : [object Object]","tag":"SYSTEM"}
{"level":"info","message":"order thành công","tag":"SYSTEM"}
{"level":"info","message":"orderData : [object Object]","tag":"SYSTEM"}
{"level":"info","message":"order thành công","tag":"SYSTEM"}
{"level":"info","message":"orderData : [object Object]","tag":"SYSTEM"}
{"level":"info","message":"order thành công","tag":"SYSTEM"}
{"level":"info","message":"orderData : undefined","tag":"SYSTEM"}
{"level":"info","message":"orderData : [object Object]","tag":"SYSTEM"}
{"level":"info","message":"order thành công","tag":"SYSTEM"}
{"level":"info","message":"orderData : [object Object]","tag":"SYSTEM"}
{"level":"info","message":"order thành công","tag":"SYSTEM"}
{"level":"info","message":"orderData : [object Object]","tag":"SYSTEM"}
{"level":"info","message":"order thành công","tag":"SYSTEM"}
{"level":"info","message":"orderData : [object Object]","tag":"SYSTEM"}
{"level":"info","message":"orderData : [object Object]","tag":"SYSTEM"}
{"level":"info","message":"orderData : [object Object]","tag":"SYSTEM"}
{"level":"info","message":"orderData : [object Object]","tag":"SYSTEM"}
{"level":"info","message":"order thành công","tag":"SYSTEM"}
{"level":"info","message":"orderData : abcd","tag":"SYSTEM"}
{"level":"info","message":"orderData : abcd","tag":"SYSTEM"}
{"level":"info","message":"orderData : abcd","tag":"SYSTEM"}
{"level":"info","message":"orderData : [object Object]","tag":"SYSTEM"}
{"level":"info","message":"res_id : 1","tag":"SYSTEM"}
{"level":"info","message":"lấy danh sách like thành công","tag":"SYSTEM"}
{"level":"info","message":"user_id : 1","tag":"SYSTEM"}
{"level":"info","message":"lấy danh sách like thành công","tag":"SYSTEM"}
{"level":"info","message":"order thành công","tag":"SYSTEM"}
{"level":"info","message":"order thành công","tag":"SYSTEM"}
{"level":"info","message":"order thành công","tag":"SYSTEM"}
{"level":"info","message":"lấy thông tin danh sách thành công","tag":"SYSTEM"}
{"level":"info","message":"lấy thông tin danh sách thành công","tag":"SYSTEM"}
{"level":"info","message":"lấy thông tin danh sách thành công","tag":"SYSTEM"}
{"level":"info","message":"lấy thông tin danh sách thành công","tag":"SYSTEM"}
{"level":"info","message":"lấy thông tin danh sách thành công","tag":"SYSTEM"}
{"level":"info","message":"lấy thông tin danh sách thành công","tag":"SYSTEM"}
{"level":"info","message":"order thành công","tag":"SYSTEM"}
{"level":"info","message":"xóa like thành công","tag":"SYSTEM"}
{"level":"info","message":"xóa like thành công","tag":"SYSTEM"}
{"level":"info","message":"xóa like thành công","tag":"SYSTEM"}
{"level":"info","message":"xóa like thành công","tag":"SYSTEM"}
{"level":"info","message":"like thành công","tag":"SYSTEM"}
{"level":"info","message":"xóa like thành công","tag":"SYSTEM"}
{"level":"info","message":"xóa like thành công","tag":"SYSTEM"}
{"level":"info","message":"xóa like thành công","tag":"SYSTEM"}
{"level":"info","message":"xóa like thành công","tag":"SYSTEM"}
{"level":"info","message":"like thành công","tag":"SYSTEM"}
{"level":"info","message":"xóa like thành công","tag":"SYSTEM"}
{"level":"info","message":"xóa like thành công","tag":"SYSTEM"}
{"level":"info","message":"tạo rate thành công","tag":"SYSTEM"}
{"level":"info","message":"tạo rate thành công","tag":"SYSTEM"}
{"level":"info","message":"tạo rate thành công","tag":"SYSTEM"}
{"level":"info","message":"tạo rate thành công","tag":"SYSTEM"}
{"level":"info","message":"tạo rate thành công","tag":"SYSTEM"}
{"level":"info","message":"tạo rate thành công","tag":"SYSTEM"}
{"level":"info","message":"tạo rate thành công","tag":"SYSTEM"}
{"level":"info","message":"tạo rate thành công","tag":"SYSTEM"}
{"level":"info","message":"lấy thông tin danh sách rate thành công","tag":"SYSTEM"}
{"level":"info","message":"lấy thông tin danh sách rate thành công","tag":"SYSTEM"}
{"level":"info","message":"order thành công","tag":"SYSTEM"}
